x0A      10  10001
x20      30  1001
 a       40  1011
 b       40  1010
 c       40  1111
 d       40  1110
 e       40  1101
 f       40  1100
 g       40  011
 h       40  010
 i       40  001
 j       40  000
EOF       1  10000
